# -*- mode: snippet -*-
# name: error
# key: error
# --
ini_set("display_errors","On");
error_reporting(E_ALL); //-1 是关闭

