# -*- mode: snippet -*-
# name: skelog
# key: skelog
# --
skewer.log($1)
