# -*- mode: snippet -*-
# name: category
# key: category
# --
#+CATEGORIES: $1