# -*- mode: snippet -*-
# name: comment
# key: comment
# --
#+COMMENTS: no
