# -*- mode: snippet -*-
# name: comhead
# key: comhead
# --
#+TITLE: 
#+DESCRIPTION: 
