# -*- mode: snippet -*-
# name: noshow
# key: noshow
# --
#+LAYOUT: noshow
