# -*- mode: snippet -*-
# name: tags
# key: tags
# --
#+TAGS: $1

